// Jest Snapshot v1, https://goo.gl/fbAQLP

exports[`merge function merge of two trees 1`] = `
Object {
  "left": Object {
    "left": null,
    "point": Array [
      2,
      4,
    ],
    "ranges": Array [
      Array [
        2,
        3,
      ],
      Array [
        4,
        5,
      ],
    ],
    "right": Object {
      "left": null,
      "point": Array [
        3,
        5,
      ],
      "ranges": Array [
        Array [
          3,
          3,
        ],
        Array [
          5,
          5,
        ],
      ],
      "right": null,
    },
  },
  "point": Array [
    4,
    6,
  ],
  "ranges": Array [
    Array [
      2,
      7,
    ],
    Array [
      4,
      9,
    ],
  ],
  "right": Object {
    "left": Object {
      "left": null,
      "point": Array [
        5,
        7,
      ],
      "ranges": Array [
        Array [
          5,
          5,
        ],
        Array [
          7,
          7,
        ],
      ],
      "right": null,
    },
    "point": Array [
      6,
      8,
    ],
    "ranges": Array [
      Array [
        5,
        7,
      ],
      Array [
        7,
        9,
      ],
    ],
    "right": Object {
      "left": null,
      "point": Array [
        7,
        9,
      ],
      "ranges": Array [
        Array [
          7,
          7,
        ],
        Array [
          9,
          9,
        ],
      ],
      "right": null,
    },
  },
}
`;
